V3 115
FL D:/TUC_PROJECT/TUC_Computer_Architecture/Lab4/Addition32BIT.vhd 2019/02/27.02:19:25 P.20131013
EN work/Addition32BIT 1554511356 \
      FL D:/TUC_PROJECT/TUC_Computer_Architecture/Lab4/Addition32BIT.vhd \
      PB ieee/std_logic_1164 1381692176 PB ieee/STD_LOGIC_SIGNED 1381692178 \
      PB ieee/std_logic_arith 1381692177 PB ieee/NUMERIC_BIT 1381692180 \
      PB ieee/NUMERIC_STD 1381692181
AR work/Addition32BIT/Behavioral 1554511357 \
      FL D:/TUC_PROJECT/TUC_Computer_Architecture/Lab4/Addition32BIT.vhd \
      EN work/Addition32BIT 1554511356
FL D:/TUC_PROJECT/TUC_Computer_Architecture/Lab4/ALU.vhd 2019/03/03.02:02:04 P.20131013
EN work/ALU 1554511384 FL D:/TUC_PROJECT/TUC_Computer_Architecture/Lab4/ALU.vhd \
      PB ieee/std_logic_1164 1381692176
AR work/ALU/Behavioral 1554511385 \
      FL D:/TUC_PROJECT/TUC_Computer_Architecture/Lab4/ALU.vhd EN work/ALU 1554511384 \
      CP Addition32BIT CP Subtraction32BIT CP AND32BIT CP OR32BIT CP SRARITH32BIT \
      CP SRLOGIC CP SLLOGIC CP ROTL CP ROTR
FL D:/TUC_PROJECT/TUC_Computer_Architecture/Lab4/ALUSTAGE.vhd 2019/03/15.05:12:42 P.20131013
EN work/ALUSTAGE 1554511398 \
      FL D:/TUC_PROJECT/TUC_Computer_Architecture/Lab4/ALUSTAGE.vhd \
      PB ieee/std_logic_1164 1381692176
AR work/ALUSTAGE/Behavioral 1554511399 \
      FL D:/TUC_PROJECT/TUC_Computer_Architecture/Lab4/ALUSTAGE.vhd \
      EN work/ALUSTAGE 1554511398 CP MUX2TO1 CP ALU
FL D:/TUC_PROJECT/TUC_Computer_Architecture/Lab4/AND32BIT.vhd 2019/02/27.02:24:42 P.20131013
EN work/AND32BIT 1554511360 \
      FL D:/TUC_PROJECT/TUC_Computer_Architecture/Lab4/AND32BIT.vhd \
      PB ieee/std_logic_1164 1381692176
AR work/AND32BIT/Behavioral 1554511361 \
      FL D:/TUC_PROJECT/TUC_Computer_Architecture/Lab4/AND32BIT.vhd \
      EN work/AND32BIT 1554511360
FL D:/TUC_PROJECT/TUC_Computer_Architecture/Lab4/BRANCH_BOX.vhd 2019/03/27.00:52:08 P.20131013
EN work/BRANCH_BOX 1554511404 \
      FL D:/TUC_PROJECT/TUC_Computer_Architecture/Lab4/BRANCH_BOX.vhd \
      PB ieee/std_logic_1164 1381692176
AR work/BRANCH_BOX/Behavioral 1554511405 \
      FL D:/TUC_PROJECT/TUC_Computer_Architecture/Lab4/BRANCH_BOX.vhd \
      EN work/BRANCH_BOX 1554511404
EN work/CONTROL 0 FL D:/TUC_PROJECT/TUC_Computer_Architecture/Lab4/CONTROL.vhd \
      PB ieee/std_logic_1164 1381692176
AR work/CONTROL/Behavioral 0 \
      FL D:/TUC_PROJECT/TUC_Computer_Architecture/Lab4/CONTROL.vhd \
      EN work/CONTROL 0
EN work/DATAPATH 0 FL D:/TUC_PROJECT/TUC_Computer_Architecture/Lab4/DATAPATH.vhd \
      PB ieee/std_logic_1164 1381692176 PB ieee/STD_LOGIC_SIGNED 1381692178 \
      PB ieee/std_logic_arith 1381692177
AR work/DATAPATH/Behavioral 0 \
      FL D:/TUC_PROJECT/TUC_Computer_Architecture/Lab4/DATAPATH.vhd \
      EN work/DATAPATH 0 CP DECSTAGE CP ALUSTAGE CP IFSTAGE CP RAM CP BRANCH_BOX
FL D:/TUC_PROJECT/TUC_Computer_Architecture/Lab4/decoder5x32.vhd 2019/02/27.02:40:28 P.20131013
EN work/decoder5x32 1554511374 \
      FL D:/TUC_PROJECT/TUC_Computer_Architecture/Lab4/decoder5x32.vhd \
      PB ieee/std_logic_1164 1381692176
AR work/decoder5x32/Behavioral 1554511375 \
      FL D:/TUC_PROJECT/TUC_Computer_Architecture/Lab4/decoder5x32.vhd \
      EN work/decoder5x32 1554511374
FL D:/TUC_PROJECT/TUC_Computer_Architecture/Lab4/DECSTAGE.vhd 2019/03/29.02:18:18 P.20131013
EN work/DECSTAGE 1554511396 \
      FL D:/TUC_PROJECT/TUC_Computer_Architecture/Lab4/DECSTAGE.vhd \
      PB ieee/std_logic_1164 1381692176
AR work/DECSTAGE/Behavioral 1554511397 \
      FL D:/TUC_PROJECT/TUC_Computer_Architecture/Lab4/DECSTAGE.vhd \
      EN work/DECSTAGE 1554511396 CP extender CP MUX10to5 CP MUX64to32 \
      CP register_file CP shiftBox
FL D:/TUC_PROJECT/TUC_Computer_Architecture/Lab4/Extender.vhd 2019/03/15.05:12:42 P.20131013
EN work/Extender 1554511386 \
      FL D:/TUC_PROJECT/TUC_Computer_Architecture/Lab4/Extender.vhd \
      PB ieee/std_logic_1164 1381692176
AR work/Extender/Behavioral 1554511387 \
      FL D:/TUC_PROJECT/TUC_Computer_Architecture/Lab4/Extender.vhd \
      EN work/Extender 1554511386
FL D:/TUC_PROJECT/TUC_Computer_Architecture/Lab4/IFSTAGE.vhd 2019/03/24.17:59:42 P.20131013
EN work/IFSTAGE 1554511400 \
      FL D:/TUC_PROJECT/TUC_Computer_Architecture/Lab4/IFSTAGE.vhd \
      PB ieee/std_logic_1164 1381692176 PB ieee/NUMERIC_STD 1381692181 \
      PB ieee/STD_LOGIC_SIGNED 1381692178
AR work/IFSTAGE/Behavioral 1554511401 \
      FL D:/TUC_PROJECT/TUC_Computer_Architecture/Lab4/IFSTAGE.vhd \
      EN work/IFSTAGE 1554511400 CP MUX2TO1 CP PC
FL D:/TUC_PROJECT/TUC_Computer_Architecture/Lab4/multiplexer32to1.vhd 2019/03/15.05:12:42 P.20131013
EN work/multiplexer32to1 1554511376 \
      FL D:/TUC_PROJECT/TUC_Computer_Architecture/Lab4/multiplexer32to1.vhd \
      PB ieee/std_logic_1164 1381692176 PB ieee/std_logic_arith 1381692177 \
      PB ieee/STD_LOGIC_UNSIGNED 1381692179
AR work/multiplexer32to1/mux 1554511377 \
      FL D:/TUC_PROJECT/TUC_Computer_Architecture/Lab4/multiplexer32to1.vhd \
      EN work/multiplexer32to1 1554511376
FL D:/TUC_PROJECT/TUC_Computer_Architecture/Lab4/MUX10to5.vhd 2019/03/24.16:13:24 P.20131013
EN work/MUX10to5 1554511388 \
      FL D:/TUC_PROJECT/TUC_Computer_Architecture/Lab4/MUX10to5.vhd \
      PB ieee/std_logic_1164 1381692176
AR work/MUX10to5/Behavioral 1554511389 \
      FL D:/TUC_PROJECT/TUC_Computer_Architecture/Lab4/MUX10to5.vhd \
      EN work/MUX10to5 1554511388
FL D:/TUC_PROJECT/TUC_Computer_Architecture/Lab4/MUX2TO1.vhd 2019/03/24.21:52:44 P.20131013
EN work/MUX2TO1 1554511380 \
      FL D:/TUC_PROJECT/TUC_Computer_Architecture/Lab4/MUX2TO1.vhd \
      PB ieee/std_logic_1164 1381692176
AR work/MUX2TO1/Behavioral 1554511381 \
      FL D:/TUC_PROJECT/TUC_Computer_Architecture/Lab4/MUX2TO1.vhd \
      EN work/MUX2TO1 1554511380
FL D:/TUC_PROJECT/TUC_Computer_Architecture/Lab4/MUX64to32.vhd 2019/03/24.16:13:10 P.20131013
EN work/MUX64to32 1554511390 \
      FL D:/TUC_PROJECT/TUC_Computer_Architecture/Lab4/MUX64to32.vhd \
      PB ieee/std_logic_1164 1381692176
AR work/MUX64to32/Behavioral 1554511391 \
      FL D:/TUC_PROJECT/TUC_Computer_Architecture/Lab4/MUX64to32.vhd \
      EN work/MUX64to32 1554511390
FL D:/TUC_PROJECT/TUC_Computer_Architecture/Lab4/OR32BIT.vhd 2019/02/27.02:24:18 P.20131013
EN work/OR32BIT 1554511362 \
      FL D:/TUC_PROJECT/TUC_Computer_Architecture/Lab4/OR32BIT.vhd \
      PB ieee/std_logic_1164 1381692176
AR work/OR32BIT/Behavioral 1554511363 \
      FL D:/TUC_PROJECT/TUC_Computer_Architecture/Lab4/OR32BIT.vhd \
      EN work/OR32BIT 1554511362
FL D:/TUC_PROJECT/TUC_Computer_Architecture/Lab4/PC.vhd 2019/03/24.22:06:16 P.20131013
EN work/PC 1554511382 FL D:/TUC_PROJECT/TUC_Computer_Architecture/Lab4/PC.vhd \
      PB ieee/std_logic_1164 1381692176
AR work/PC/Behavioral 1554511383 \
      FL D:/TUC_PROJECT/TUC_Computer_Architecture/Lab4/PC.vhd EN work/PC 1554511382
FL D:/TUC_PROJECT/TUC_Computer_Architecture/Lab4/RAM.vhd 2019/04/06.03:42:34 P.20131013
EN work/RAM 1554511402 FL D:/TUC_PROJECT/TUC_Computer_Architecture/Lab4/RAM.vhd \
      PB ieee/std_logic_1164 1381692176 PB ieee/STD_LOGIC_UNSIGNED 1381692179 \
      PB std/TEXTIO 1381692176 PB ieee/STD_LOGIC_TEXTIO 1381692180
AR work/RAM/syn 1554511403 \
      FL D:/TUC_PROJECT/TUC_Computer_Architecture/Lab4/RAM.vhd EN work/RAM 1554511402
FL D:/TUC_PROJECT/TUC_Computer_Architecture/Lab4/regist.vhd 2019/03/15.05:12:42 P.20131013
EN work/regist 1554511378 \
      FL D:/TUC_PROJECT/TUC_Computer_Architecture/Lab4/regist.vhd \
      PB ieee/std_logic_1164 1381692176
AR work/regist/Behavior 1554511379 \
      FL D:/TUC_PROJECT/TUC_Computer_Architecture/Lab4/regist.vhd EN work/regist 1554511378
FL D:/TUC_PROJECT/TUC_Computer_Architecture/Lab4/register_file.vhd 2019/03/15.05:12:42 P.20131013
EN work/register_file 1554511392 \
      FL D:/TUC_PROJECT/TUC_Computer_Architecture/Lab4/register_file.vhd \
      PB ieee/std_logic_1164 1381692176
AR work/register_file/Behavioral 1554511393 \
      FL D:/TUC_PROJECT/TUC_Computer_Architecture/Lab4/register_file.vhd \
      EN work/register_file 1554511392 CP decoder5x32 CP multiplexer32to1 CP regist
FL D:/TUC_PROJECT/TUC_Computer_Architecture/Lab4/ROTL.vhd 2019/02/27.02:23:52 P.20131013
EN work/ROTL 1554511370 FL D:/TUC_PROJECT/TUC_Computer_Architecture/Lab4/ROTL.vhd \
      PB ieee/std_logic_1164 1381692176
AR work/ROTL/Behavioral 1554511371 \
      FL D:/TUC_PROJECT/TUC_Computer_Architecture/Lab4/ROTL.vhd EN work/ROTL 1554511370
FL D:/TUC_PROJECT/TUC_Computer_Architecture/Lab4/ROTR.vhd 2019/02/27.02:23:17 P.20131013
EN work/ROTR 1554511372 FL D:/TUC_PROJECT/TUC_Computer_Architecture/Lab4/ROTR.vhd \
      PB ieee/std_logic_1164 1381692176
AR work/ROTR/Behavioral 1554511373 \
      FL D:/TUC_PROJECT/TUC_Computer_Architecture/Lab4/ROTR.vhd EN work/ROTR 1554511372
FL D:/TUC_PROJECT/TUC_Computer_Architecture/Lab4/shiftBox.vhd 2019/03/15.05:12:42 P.20131013
EN work/shiftBox 1554511394 \
      FL D:/TUC_PROJECT/TUC_Computer_Architecture/Lab4/shiftBox.vhd \
      PB ieee/std_logic_1164 1381692176
AR work/shiftBox/Behavioral 1554511395 \
      FL D:/TUC_PROJECT/TUC_Computer_Architecture/Lab4/shiftBox.vhd \
      EN work/shiftBox 1554511394
FL D:/TUC_PROJECT/TUC_Computer_Architecture/Lab4/SLLOGIC.vhd 2019/02/27.02:22:54 P.20131013
EN work/SLLOGIC 1554511368 \
      FL D:/TUC_PROJECT/TUC_Computer_Architecture/Lab4/SLLOGIC.vhd \
      PB ieee/std_logic_1164 1381692176
AR work/SLLOGIC/Behavioral 1554511369 \
      FL D:/TUC_PROJECT/TUC_Computer_Architecture/Lab4/SLLOGIC.vhd \
      EN work/SLLOGIC 1554511368
FL D:/TUC_PROJECT/TUC_Computer_Architecture/Lab4/SRARITH32BIT.vhd 2019/02/27.02:22:24 P.20131013
EN work/SRARITH32BIT 1554511364 \
      FL D:/TUC_PROJECT/TUC_Computer_Architecture/Lab4/SRARITH32BIT.vhd \
      PB ieee/std_logic_1164 1381692176
AR work/SRARITH32BIT/Behavioral 1554511365 \
      FL D:/TUC_PROJECT/TUC_Computer_Architecture/Lab4/SRARITH32BIT.vhd \
      EN work/SRARITH32BIT 1554511364
FL D:/TUC_PROJECT/TUC_Computer_Architecture/Lab4/SRLOGIC.vhd 2019/02/27.02:21:49 P.20131013
EN work/SRLOGIC 1554511366 \
      FL D:/TUC_PROJECT/TUC_Computer_Architecture/Lab4/SRLOGIC.vhd \
      PB ieee/std_logic_1164 1381692176
AR work/SRLOGIC/Behavioral 1554511367 \
      FL D:/TUC_PROJECT/TUC_Computer_Architecture/Lab4/SRLOGIC.vhd \
      EN work/SRLOGIC 1554511366
FL D:/TUC_PROJECT/TUC_Computer_Architecture/Lab4/Subtraction32BIT.vhd 2019/02/27.02:21:09 P.20131013
EN work/Subtraction32BIT 1554511358 \
      FL D:/TUC_PROJECT/TUC_Computer_Architecture/Lab4/Subtraction32BIT.vhd \
      PB ieee/std_logic_1164 1381692176 PB ieee/STD_LOGIC_SIGNED 1381692178 \
      PB ieee/std_logic_arith 1381692177 PB ieee/NUMERIC_BIT 1381692180 \
      PB ieee/NUMERIC_STD 1381692181
AR work/Subtraction32BIT/Behavioral 1554511359 \
      FL D:/TUC_PROJECT/TUC_Computer_Architecture/Lab4/Subtraction32BIT.vhd \
      EN work/Subtraction32BIT 1554511358
EN work/TOP_LEVEL 0 \
      FL D:/TUC_PROJECT/TUC_Computer_Architecture/Lab4/TOP_LEVEL.vhd \
      PB ieee/std_logic_1164 1381692176
AR work/TOP_LEVEL/Behavioral 0 \
      FL D:/TUC_PROJECT/TUC_Computer_Architecture/Lab4/TOP_LEVEL.vhd \
      EN work/TOP_LEVEL 0 CP CONTROL CP DATAPATH
EN work/TOP_LEVEL_TEST 0 \
      FL D:/TUC_PROJECT/TUC_Computer_Architecture/Lab4/TOP_LEVEL_TEST.vhd \
      PB ieee/std_logic_1164 1381692176
AR work/TOP_LEVEL_TEST/behavior 0 \
      FL D:/TUC_PROJECT/TUC_Computer_Architecture/Lab4/TOP_LEVEL_TEST.vhd \
      EN work/TOP_LEVEL_TEST 0 CP TOP_LEVEL
