EN and32bit NULL D:/TUC_PROJECT/TUC_Computer_Architecture/Lab1/AND32BIT.vhd sub00/vhpl04 1550950525
EN subtraction32bit NULL D:/TUC_PROJECT/TUC_Computer_Architecture/Lab1/Subtraction32BIT.vhd sub00/vhpl02 1550950523
EN sllogic NULL D:/TUC_PROJECT/TUC_Computer_Architecture/Lab1/SLLOGIC.vhd sub00/vhpl12 1550950533
EN addition32bit NULL D:/TUC_PROJECT/TUC_Computer_Architecture/Lab1/Addition32BIT.vhd sub00/vhpl00 1550950521
AR srlogic behavioral D:/TUC_PROJECT/TUC_Computer_Architecture/Lab1/SRLOGIC.vhd sub00/vhpl11 1550950532
AR and32bit behavioral D:/TUC_PROJECT/TUC_Computer_Architecture/Lab1/AND32BIT.vhd sub00/vhpl05 1550950526
EN srlogic NULL D:/TUC_PROJECT/TUC_Computer_Architecture/Lab1/SRLOGIC.vhd sub00/vhpl10 1550950531
AR or32bit behavioral D:/TUC_PROJECT/TUC_Computer_Architecture/Lab1/OR32BIT.vhd sub00/vhpl07 1550950528
AR rotr behavioral D:/TUC_PROJECT/TUC_Computer_Architecture/Lab1/ROTR.vhd sub00/vhpl17 1550950538
EN srarith32bit NULL D:/TUC_PROJECT/TUC_Computer_Architecture/Lab1/SRARITH32BIT.vhd sub00/vhpl08 1550950529
AR rotl behavioral D:/TUC_PROJECT/TUC_Computer_Architecture/Lab1/ROTL.vhd sub00/vhpl15 1550950536
AR addition32bit behavioral D:/TUC_PROJECT/TUC_Computer_Architecture/Lab1/Addition32BIT.vhd sub00/vhpl01 1550950522
AR srarith32bit behavioral D:/TUC_PROJECT/TUC_Computer_Architecture/Lab1/SRARITH32BIT.vhd sub00/vhpl09 1550950530
AR sllogic behavioral D:/TUC_PROJECT/TUC_Computer_Architecture/Lab1/SLLOGIC.vhd sub00/vhpl13 1550950534
EN rotl NULL D:/TUC_PROJECT/TUC_Computer_Architecture/Lab1/ROTL.vhd sub00/vhpl14 1550950535
AR alu behavioral D:/TUC_PROJECT/TUC_Computer_Architecture/Lab1/ALU.vhd sub00/vhpl19 1550950540
EN or32bit NULL D:/TUC_PROJECT/TUC_Computer_Architecture/Lab1/OR32BIT.vhd sub00/vhpl06 1550950527
EN rotr NULL D:/TUC_PROJECT/TUC_Computer_Architecture/Lab1/ROTR.vhd sub00/vhpl16 1550950537
AR subtraction32bit behavioral D:/TUC_PROJECT/TUC_Computer_Architecture/Lab1/Subtraction32BIT.vhd sub00/vhpl03 1550950524
EN alu NULL D:/TUC_PROJECT/TUC_Computer_Architecture/Lab1/ALU.vhd sub00/vhpl18 1550950539
